
admin@DESKTOP-3R3QCRI MINGW64 ~/Desktop/data-science (main)
$ git origin
git: 'origin' is not a git command. See 'git --help'.

admin@DESKTOP-3R3QCRI MINGW64 ~/Desktop/data-science (main)
$ git add origin https://github.com/nishat01p/Data-Science.git
fatal: pathspec 'origin' did not match any files

admin@DESKTOP-3R3QCRI MINGW64 ~/Desktop/data-science (main)
$ git remote -v
origin  https://github.com/nishat01p/Data-Science.git (fetch)
origin  https://github.com/nishat01p/Data-Science.git (push)

admin@DESKTOP-3R3QCRI MINGW64 ~/Desktop/data-science (main)
$ git remote add origin https://github.com/nishat01p/Data-Science.git
error: remote origin already exists.

admin@DESKTOP-3R3QCRI MINGW64 ~/Desktop/data-science (main)
$ git status
On branch main
Your branch is ahead of 'origin/main' by 1 commit.
  (use "git push" to publish your local commits)

nothing to commit, working tree clean

admin@DESKTOP-3R3QCRI MINGW64 ~/Desktop/data-science (main)
$ git push origin head
info: please complete authentication in your browser...
Enumerating objects: 4, done.
Counting objects: 100% (4/4), done.
Delta compression using up to 4 threads
Compressing objects: 100% (3/3), done.
Writing objects: 100% (3/3), 13.15 MiB | 1.70 MiB/s, done.
Total 3 (delta 0), reused 0 (delta 0), pack-reused 0
To https://github.com/nishat01p/Data-Science.git
   d08538a..c7baee3  head -> main

admin@DESKTOP-3R3QCRI MINGW64 ~/Desktop/data-science (main)
$ git add
Nothing specified, nothing added.
hint: Maybe you wanted to say 'git add .'?
hint: Turn this message off by running
hint: "git config advice.addEmptyPathspec false"

admin@DESKTOP-3R3QCRI MINGW64 ~/Desktop/data-science (main)
$ git status
On branch main
Your branch is up to date with 'origin/main'.

Untracked files:
  (use "git add <file>..." to include in what will be committed)
        nsp.txt

nothing added to commit but untracked files present (use "git add" to track)

admin@DESKTOP-3R3QCRI MINGW64 ~/Desktop/data-science (main)
$ git add nsp.txt

admin@DESKTOP-3R3QCRI MINGW64 ~/Desktop/data-science (main)
$ git commit -m "nsp.txt file added"
[main e607afa] nsp.txt file added
 1 file changed, 5 insertions(+)
 create mode 100644 nsp.txt

admin@DESKTOP-3R3QCRI MINGW64 ~/Desktop/data-science (main)
$ git status
On branch main
Your branch is ahead of 'origin/main' by 1 commit.
  (use "git push" to publish your local commits)

nothing to commit, working tree clean

admin@DESKTOP-3R3QCRI MINGW64 ~/Desktop/data-science (main)
$ git push origin head
Enumerating objects: 4, done.
Counting objects: 100% (4/4), done.
Delta compression using up to 4 threads
Compressing objects: 100% (2/2), done.
Writing objects: 100% (3/3), 296 bytes | 148.00 KiB/s, done.
Total 3 (delta 1), reused 0 (delta 0), pack-reused 0
remote: Resolving deltas: 100% (1/1), completed with 1 local object.
To https://github.com/nishat01p/Data-Science.git
   c7baee3..e607afa  head -> main

admin@DESKTOP-3R3QCRI MINGW64 ~/Desktop/data-science (main)
$ git remote -v
origin  https://github.com/nishat01p/Data-Science.git (fetch)
origin  https://github.com/nishat01p/Data-Science.git (push)

admin@DESKTOP-3R3QCRI MINGW64 ~/Desktop/data-science (main)
$ git status
On branch main
Your branch is up to date with 'origin/main'.

Changes not staged for commit:
  (use "git add <file>..." to update what will be committed)
  (use "git restore <file>..." to discard changes in working directory)
        modified:   nsp.txt

no changes added to commit (use "git add" and/or "git commit -a")

admin@DESKTOP-3R3QCRI MINGW64 ~/Desktop/data-science (main)
$ git add nsp.txt

admin@DESKTOP-3R3QCRI MINGW64 ~/Desktop/data-science (main)
$ git commit -m "changes to nsp.txt 2 lines added"
[main 26bfe32] changes to nsp.txt 2 lines added
 1 file changed, 3 insertions(+), 1 deletion(-)

admin@DESKTOP-3R3QCRI MINGW64 ~/Desktop/data-science (main)
$ git push origin head
Enumerating objects: 5, done.
Counting objects: 100% (5/5), done.
Delta compression using up to 4 threads
Compressing objects: 100% (2/2), done.
Writing objects: 100% (3/3), 300 bytes | 150.00 KiB/s, done.
Total 3 (delta 1), reused 0 (delta 0), pack-reused 0
remote: Resolving deltas: 100% (1/1), completed with 1 local object.
To https://github.com/nishat01p/Data-Science.git
   e607afa..26bfe32  head -> main

admin@DESKTOP-3R3QCRI MINGW64 ~/Desktop/data-science (main)
$ git status
On branch main
Your branch is up to date with 'origin/main'.

Changes not staged for commit:
  (use "git add <file>..." to update what will be committed)
  (use "git restore <file>..." to discard changes in working directory)
        modified:   nsp.txt

no changes added to commit (use "git add" and/or "git commit -a")

admin@DESKTOP-3R3QCRI MINGW64 ~/Desktop/data-science (main)
$ git add nsp.txt

admin@DESKTOP-3R3QCRI MINGW64 ~/Desktop/data-science (main)
$ git commit -m "changes made to nsp.txt"
[main 48744c0] changes made to nsp.txt
 1 file changed, 1 insertion(+), 1 deletion(-)

admin@DESKTOP-3R3QCRI MINGW64 ~/Desktop/data-science (main)
$ git push origin head
Enumerating objects: 5, done.
Counting objects: 100% (5/5), done.
Delta compression using up to 4 threads
Compressing objects: 100% (2/2), done.
Writing objects: 100% (3/3), 296 bytes | 98.00 KiB/s, done.
Total 3 (delta 1), reused 0 (delta 0), pack-reused 0
remote: Resolving deltas: 100% (1/1), completed with 1 local object.
To https://github.com/nishat01p/Data-Science.git
   26bfe32..48744c0  head -> main

admin@DESKTOP-3R3QCRI MINGW64 ~/Desktop/data-science (main)
$
